node.exe : FAIL tests/excelFiller.test.js (22.953 s)
所在位置 行:1 字符: 1
+ & "C:\PROGRAM FILES\NODEJS/node.exe" "C:\PROGRAM FI
LES\NODEJS/node_mo ...
+ ~~~~~~~~~~~~~~~~~~~~~~~~~~~~~~~~~~~~~~~~~~~~~~~~~~~
~~~~~~~~~~~~~~~~~~
    + CategoryInfo          : NotSpecified: (FAIL te 
   sts/exce...t.js (22.953 s):String) [], RemoteExc  
  eption
    + FullyQualifiedErrorId : NativeCommandError
 
  excelFiller buildPayload
    鈭?always emits section seven project header even 
when project fields are empty (4 ms)
    鈭?includes project section in other notes for uni
t caliber (3 ms)
    鈭?does not duplicate project section in other not
es (1 ms)
    鈭?builds dynamic fiscal trend reason line from ma
nual reason (1 ms)
    鈭?uses department target sheet names when caliber
 is department (1 ms)
    鈭?does not append project section into other note
s for department caliber (1 ms)
  excelFiller paragraph formatting
    鈭?splits single-line section content by Chinese s
ection markers (1 ms)
    鈭?keeps section headings and notes without first-
line indent (1 ms)
    鈭?supports section splitting from formatParagraph
Indent options (1 ms)
    鈭?indents subsection headings when glossary mode 
is enabled (1 ms)
    鈭?keeps subsection headings non-indented by defau
lt
    鈭?can indent top-level section headings when requ
ested (1 ms)
  excelFiller empty table note placement
    鈭?defaults to first total row and prunes trailing
 rows (10 ms)
    鈭?can place note after the last total row without
 pruning rows below (2 ms)
    鈭?supports placing note outside table border and 
removes trailing artifact lines (2 ms)
  excelFiller empty code table cleanup
    鈭?removes dot placeholder rows and keeps only the
 last total row (1 ms)
    鈭?normalizes empty code table grid and total row 
merge (4 ms)
  excelFiller narrative layout
    鈭?keeps function and organization narrative block
s in merged paragraph cells (2 ms)
    脳 keeps explanation body as line-based rows for o
verflow-safe pagination (2 ms)
    鈭?keeps first-line indent for each explanation pa
ragraph in line layout
    鈭?keeps narrative numbers intact without leading 
punctuation on wrapped lines (1 ms)
    鈭?centers narrative titles across the page width 
(1 ms)
    鈭?renders cover title with uniform bold font acro
ss merged range (9 ms)
    鈭?normalizes narrative print area to the last mea
ningful row (1 ms)
    鈭?expands explanation print area to include all w
ritten rows (2 ms)

  鈼?excelFiller narrative layout 鈥?keeps explanation 
body as line-based rows for overflow-safe pagination

    expect(received).not.toBe(expected) // Object.is 
equality

    Expected: not true

    [0m [90m 379 |[39m     expect(row3[33m.[39ml
ength)[33m.[39mtoBeGreaterThan([35m0[39m)[33m;[
39m
     [90m 380 |[39m     expect(row4[33m.[39mlengt
h)[33m.[39mtoBeGreaterThan([35m0[39m)[33m;[39m
    [31m[1m>[22m[39m[90m 381 |[39m     expect(s
heet[33m.[39mgetCell([32m'A3'[39m)[33m.[39malig
nment[33m?[39m[33m.[39mwrapText)[33m.[39mnot[3
3m.[39mtoBe([36mtrue[39m)[33m;[39m
     [90m     |[39m                                
                         [31m[1m^[22m[39m
     [90m 382 |[39m     expect((sheet[33m.[39mmod
el[33m.[39mmerges [33m||[39m [])[33m.[39msome((
ref) [33m=>[39m [35m/^A3:A\d+$/[39m[33m.[39mtes
t(ref)))[33m.[39mtoBe([36mfalse[39m)[33m;[39m
     [90m 383 |[39m     expect(sheet[33m.[39mgetR
ow([35m3[39m)[33m.[39mheight)[33m.[39mtoBe([35
m20[39m)[33m;[39m
     [90m 384 |[39m   })[33m;[39m[0m

      at Object.toBe (tests/excelFiller.test.js:381:5
7)

Test Suites: 1 failed, 1 total
Tests:       1 failed, 24 passed, 25 total
Snapshots:   0 total
Time:        23.05 s, estimated 25 s
Ran all test suites matching /tests\\excelFiller.test
.js/i.
